// Jest Snapshot v1, https://goo.gl/fbAQLP

exports[`can create new session 1`] = `
Session {
  "_kmId": "",
  "apiDomain": "",
  "apiKey": "",
  "context": undefined,
}
`;
